Test1	HLA-A	./tutorial/regions/grch38/hla-a/hla-a.ars.txt	2	HLA-A*01:01	HLA-A*02:01
Test1	HLA-B	./tutorial/regions/grch38/hla-b/hla-b.ars.txt	2	HLA-B*40:01	HLA-B*52:01
Test1	HLA-C	./tutorial/regions/grch38/hla-c/hla-c.ars.txt	2	HLA-C*03:04	HLA-C*12:02
Test1	HLA-DQB1	./tutorial/regions/grch38/hla-dqb1/hla-dqb1.ars.txt	2	HLA-DQB1*06:01	HLA-DQB1*06:04
Test1	HLA-DRB1	./tutorial/regions/grch38/hla-drb1/hla-drb1.ars.txt	2	HLA-DRB1*13:02	HLA-DRB1*15:02
Test1	HLA-A	./tutorial/regions/grch38/hla-a/hla-a.ars.txt	2	HLA-A*01:01	HLA-A*02:01
Test1	HLA-B	./tutorial/regions/grch38/hla-b/hla-b.ars.txt	2	HLA-B*40:01	HLA-B*52:01
Test1	HLA-C	./tutorial/regions/grch38/hla-c/hla-c.ars.txt	2	HLA-C*03:04	HLA-C*12:02
Test1	HLA-DQB1	./tutorial/regions/grch38/hla-dqb1/hla-dqb1.ars.txt	2	HLA-DQB1*06:01	HLA-DQB1*06:04
Test1	HLA-DRB1	./tutorial/regions/grch38/hla-drb1/hla-drb1.ars.txt	1	HLA-DRB1*15:02	HLA-DRB1*15:02
Test2	HLA-A	./tutorial/regions/grch38/hla-a/hla-a.ars.txt	2	HLA-A*01:01	HLA-A*02:01
Test2	HLA-B	./tutorial/regions/grch38/hla-b/hla-b.ars.txt	2	HLA-B*40:01	HLA-B*52:01
Test2	HLA-C	./tutorial/regions/grch38/hla-c/hla-c.ars.txt	2	HLA-C*03:04	HLA-C*12:02
Test2	HLA-DQB1	./tutorial/regions/grch38/hla-dqb1/hla-dqb1.ars.txt	2	HLA-DQB1*06:01	HLA-DQB1*06:04
Test2	HLA-DRB1	./tutorial/regions/grch38/hla-drb1/hla-drb1.ars.txt	2	HLA-DRB1*13:02	HLA-DRB1*15:02
Test2	HLA-A	./tutorial/regions/grch38/hla-a/hla-a.ars.txt	2	HLA-A*01:01	HLA-A*02:01
Test2	HLA-B	./tutorial/regions/grch38/hla-b/hla-b.ars.txt	2	HLA-B*40:01	HLA-B*52:01
Test2	HLA-C	./tutorial/regions/grch38/hla-c/hla-c.ars.txt	2	HLA-C*03:04	HLA-C*12:02
Test2	HLA-DQB1	./tutorial/regions/grch38/hla-dqb1/hla-dqb1.ars.txt	2	HLA-DQB1*06:01	HLA-DQB1*06:04
Test2	HLA-DRB1	./tutorial/regions/grch38/hla-drb1/hla-drb1.ars.txt	1	HLA-DRB1*15:02	HLA-DRB1*15:02
